// Jest Snapshot v1, https://goo.gl/fbAQLP

exports[`posthtml inject plugin standard case 1`] = `
"<!DOCTYPE html>
<html lang=\\"en\\">
<head>
  <meta charset=\\"UTF-8\\">
  <title>Posthtml</title>
  
<link href=\\"manifest.json\\">

</head>
<body>

<script src=\\"https://cdn.bootcss.com/react/15.6.1/react.js\\"></script>
<script src=\\"https://cdn.bootcss.com/moment.js/2.18.1/moment.min.js\\"></script>

</body>
</html>
"
`;
